warning: type `AsyncParsePlan` is more private than the item `load_tcb_info_payload_from_file`
   --> src/helper/tcb_fmspc_async.rs:118:1
    |
118 | / pub(crate) fn load_tcb_info_payload_from_file(
119 | |     log_prefix: &str,
120 | |     path: &str,
121 | |     platform: &str,
122 | |     collateral_version: &str,
123 | |     signature_hex: Option<&str>,
124 | | ) -> Result<(String, TcbInfoJsonObj, TcbLocator, AsyncParsePlan), String> {
    | |_________________________________________________________________________^ function `load_tcb_info_payload_from_file` is reachable at visibility `pub(crate)`
    |
note: but type `AsyncParsePlan` is only usable at visibility `pub(self)`
   --> src/helper/tcb_fmspc_async.rs:53:1
    |
 53 | struct AsyncParsePlan {
    | ^^^^^^^^^^^^^^^^^^^^^
    = note: `#[warn(private_interfaces)]` on by default

warning: type `AsyncParsePlan` is more private than the item `fetch_tcb_info_payload`
   --> src/helper/tcb_fmspc_async.rs:184:1
    |
184 | / pub(crate) async fn fetch_tcb_info_payload(
185 | |     log_prefix: &str,
186 | |     fmspc: &str,
187 | |     platform: &str,
...   |
190 | |     tcb_evaluation_data_number: Option<u32>,
191 | | ) -> Result<(String, TcbInfoJsonObj, TcbLocator, AsyncParsePlan), String> {
    | |_________________________________________________________________________^ function `fetch_tcb_info_payload` is reachable at visibility `pub(crate)`
    |
note: but type `AsyncParsePlan` is only usable at visibility `pub(self)`
   --> src/helper/tcb_fmspc_async.rs:53:1
    |
 53 | struct AsyncParsePlan {
    | ^^^^^^^^^^^^^^^^^^^^^

warning: function `send_transaction_with_response` is never used
   --> src/helper/tcb_fmspc_async.rs:423:10
    |
423 | async fn send_transaction_with_response<M, D>(
    |          ^^^^^^^^^^^^^^^^^^^^^^^^^^^^^^
    |
    = note: `#[warn(dead_code)]` (part of `#[warn(unused)]`) on by default

warning: function `upsert_tcb_eval_data_number` is never used
   --> src/contracts.rs:518:14
    |
518 | pub async fn upsert_tcb_eval_data_number(
    |              ^^^^^^^^^^^^^^^^^^^^^^^^^^^
    |
    = note: `#[warn(dead_code)]` (part of `#[warn(unused)]`) on by default

warning: function `upsert_tcb_eval_data_number_func` is never used
    --> src/helper.rs:1320:14
     |
1320 | pub async fn upsert_tcb_eval_data_number_func(
     |              ^^^^^^^^^^^^^^^^^^^^^^^^^^^^^^^^

warning: function `upsert_root_ca_func` is never used
    --> src/helper.rs:1364:14
     |
1364 | pub async fn upsert_root_ca_func(
     |              ^^^^^^^^^^^^^^^^^^^

warning: function `upsert_root_ca_crl_func` is never used
    --> src/helper.rs:1486:14
     |
1486 | pub async fn upsert_root_ca_crl_func(
     |              ^^^^^^^^^^^^^^^^^^^^^^^

warning: function `upsert_platform_ca_func` is never used
    --> src/helper.rs:1573:14
     |
1573 | pub async fn upsert_platform_ca_func(
     |              ^^^^^^^^^^^^^^^^^^^^^^^

warning: function `upsert_platform_ca_crl_func` is never used
    --> src/helper.rs:1703:14
     |
1703 | pub async fn upsert_platform_ca_crl_func(
     |              ^^^^^^^^^^^^^^^^^^^^^^^^^^^

warning: function `upsert_processor_ca_func` is never used
    --> src/helper.rs:1721:14
     |
1721 | pub async fn upsert_processor_ca_func(
     |              ^^^^^^^^^^^^^^^^^^^^^^^^

warning: function `upsert_processor_ca_crl_func` is never used
    --> src/helper.rs:1851:14
     |
1851 | pub async fn upsert_processor_ca_crl_func(
     |              ^^^^^^^^^^^^^^^^^^^^^^^^^^^^

warning: function `upsert_tcb_signing_ca_func` is never used
    --> src/helper.rs:1869:14
     |
1869 | pub async fn upsert_tcb_signing_ca_func(
     |              ^^^^^^^^^^^^^^^^^^^^^^^^^^

warning: function `upsert_enclave_identity_func` is never used
    --> src/helper.rs:2001:14
     |
2001 | pub async fn upsert_enclave_identity_func(
     |              ^^^^^^^^^^^^^^^^^^^^^^^^^^^^

warning: function `upsert_platform_processor_ca_crl` is never used
    --> src/helper.rs:2130:10
     |
2130 | async fn upsert_platform_processor_ca_crl(
     |          ^^^^^^^^^^^^^^^^^^^^^^^^^^^^^^^^

warning: function `send_transaction_with_response` is never used
   --> src/helper/tcb_fmspc_async.rs:423:10
    |
423 | async fn send_transaction_with_response<M, D>(
    |          ^^^^^^^^^^^^^^^^^^^^^^^^^^^^^^

warning: field `enclave_identity` is never read
 --> src/pccs_types.rs:8:9
  |
6 | pub struct EnclaveIdentity {
  |            --------------- field in this struct
7 |     #[serde(rename = "enclaveIdentity")]
8 |     pub enclave_identity: IndexMap<String, Value>,
  |         ^^^^^^^^^^^^^^^^
  |
  = note: `EnclaveIdentity` has a derived impl for the trait `Debug`, but this is intentionally ignored during dead code analysis

warning: struct `TcbEvalDataNumber` is never constructed
  --> src/pccs_types.rs:20:12
   |
20 | pub struct TcbEvalDataNumber {
   |            ^^^^^^^^^^^^^^^^^

[2026-05-21T17:01:23Z INFO  automata_dcap_qpl_tool::helper::tcb_fmspc_async] [1315][0xa274E2C291C5D0c3322917aB54D6456d7A00B183] txn[start_async_upsert] hash: 0x4c2cb9f158ba922faeb0731810d49cf281151cd6565052e6c2a2df032e8263bd
[2026-05-21T17:01:30Z INFO  automata_dcap_qpl_tool::helper::tcb_fmspc_async] [1315][0xa274E2C291C5D0c3322917aB54D6456d7A00B183] txn[start_async_upsert] receipt: Some(TransactionReceipt { transaction_hash: 0x4c2cb9f158ba922faeb0731810d49cf281151cd6565052e6c2a2df032e8263bd, transaction_index: 0, block_hash: Some(0xe07db4a6586c4c1c4d3f625d00723a210b73122d19af3f19a6835a2c06009b21), block_number: Some(18536216), from: 0xf39fd6e51aad88f6f4ce6ab8827279cfffb92266, to: Some(0xa274e2c291c5d0c3322917ab54d6456d7a00b183), cumulative_gas_used: 317629, gas_used: Some(317629), contract_address: None, logs: [Log { address: 0x9f72340fbd4b8ce8aa4590835a7779e9cb192a06, topics: [0xe8c60b50c51da54511df9b2a8734e83cd565108d8a878ff287cd5b03de8f98b4, 0xad8bf00534a6d41ea60858e5a915dd4c5155e5f32bc5ea6e1f2da5fb7a128798], data: Bytes(0x), block_hash: Some(0xe07db4a6586c4c1c4d3f625d00723a210b73122d19af3f19a6835a2c06009b21), block_number: Some(18536216), transaction_hash: Some(0x4c2cb9f158ba922faeb0731810d49cf281151cd6565052e6c2a2df032e8263bd), transaction_index: Some(0), log_index: Some(0), transaction_log_index: None, log_type: None, removed: Some(false) }, Log { address: 0x9f72340fbd4b8ce8aa4590835a7779e9cb192a06, topics: [0xe8c60b50c51da54511df9b2a8734e83cd565108d8a878ff287cd5b03de8f98b4, 0x64e31bff797f350a5a6ff94757d31773fb02ad5440c3a4c1220bf056858437b6], data: Bytes(0x), block_hash: Some(0xe07db4a6586c4c1c4d3f625d00723a210b73122d19af3f19a6835a2c06009b21), block_number: Some(18536216), transaction_hash: Some(0x4c2cb9f158ba922faeb0731810d49cf281151cd6565052e6c2a2df032e8263bd), transaction_index: Some(0), log_index: Some(1), transaction_log_index: None, log_type: None, removed: Some(false) }, Log { address: 0x9f72340fbd4b8ce8aa4590835a7779e9cb192a06, topics: [0xe8c60b50c51da54511df9b2a8734e83cd565108d8a878ff287cd5b03de8f98b4, 0x8c7b7ea2963e2626ffdb7fbc0d08214a625cfeb407f00e88208a2d5657079dc7], data: Bytes(0x), block_hash: Some(0xe07db4a6586c4c1c4d3f625d00723a210b73122d19af3f19a6835a2c06009b21), block_number: Some(18536216), transaction_hash: Some(0x4c2cb9f158ba922faeb0731810d49cf281151cd6565052e6c2a2df032e8263bd), transaction_index: Some(0), log_index: Some(2), transaction_log_index: None, log_type: None, removed: Some(false) }, Log { address: 0x9f72340fbd4b8ce8aa4590835a7779e9cb192a06, topics: [0xe8c60b50c51da54511df9b2a8734e83cd565108d8a878ff287cd5b03de8f98b4, 0xe08e35d1c75ed4b2781600b44891d0f2274a325ed5b65a0d96d48f95e26f41b8], data: Bytes(0x), block_hash: Some(0xe07db4a6586c4c1c4d3f625d00723a210b73122d19af3f19a6835a2c06009b21), block_number: Some(18536216), transaction_hash: Some(0x4c2cb9f158ba922faeb0731810d49cf281151cd6565052e6c2a2df032e8263bd), transaction_index: Some(0), log_index: Some(3), transaction_log_index: None, log_type: None, removed: Some(false) }], status: Some(1), root: None, logs_bloom: 0x00000000000000000000000000010000000000000000200000000000000000000000000000000000000000000000200000000000000000000000000000000000000000000000000000000000000040000000000000000000040400004000000000000000000000000000000001000000000000000000000000000000000200000000000000000000000000000000000000000000000000000800000000000000000000000000000000000000000000000000000000000000000000000000000000000400080000000000000000000000001000000000000000000000000000008000000000000000000020000000008000000000000000020010000000000000, transaction_type: Some(2), effective_gas_price: Some(50000000007), other: OtherFields { inner: {"blobGasPrice": String("0x1")} } })
[2026-05-21T17:01:30Z INFO  automata_dcap_qpl_tool::helper::tcb_fmspc_async] [1315][0xa274E2C291C5D0c3322917aB54D6456d7A00B183] txn[upload_chunk_data_0] hash: 0x74ae2ea41c6c7c93defb108d910a713688eef8a68913527ab64bfef6b56da900
[2026-05-21T17:01:37Z INFO  automata_dcap_qpl_tool::helper::tcb_fmspc_async] [1315][0xa274E2C291C5D0c3322917aB54D6456d7A00B183] txn[upload_chunk_data_0] receipt: Some(TransactionReceipt { transaction_hash: 0x74ae2ea41c6c7c93defb108d910a713688eef8a68913527ab64bfef6b56da900, transaction_index: 0, block_hash: Some(0x162752c4bcbe5ae40f86a358ad5d256d1a1d035cb248de72bb40b7c8654745d6), block_number: Some(18536217), from: 0xf39fd6e51aad88f6f4ce6ab8827279cfffb92266, to: Some(0xa274e2c291c5d0c3322917ab54d6456d7a00b183), cumulative_gas_used: 5878362, gas_used: Some(5878362), contract_address: None, logs: [Log { address: 0x9f72340fbd4b8ce8aa4590835a7779e9cb192a06, topics: [0x7656bed4e956fe059c82a390825d59e565ad76d49b58cc2866a08883b22793e3, 0xad8bf00534a6d41ea60858e5a915dd4c5155e5f32bc5ea6e1f2da5fb7a128798], data: Bytes(0x00000000000000000000000000000000000000000000000000000000000020000000000000000000000000000000000000000000000000000000000000002000), block_hash: Some(0x162752c4bcbe5ae40f86a358ad5d256d1a1d035cb248de72bb40b7c8654745d6), block_number: Some(18536217), transaction_hash: Some(0x74ae2ea41c6c7c93defb108d910a713688eef8a68913527ab64bfef6b56da900), transaction_index: Some(0), log_index: Some(0), transaction_log_index: None, log_type: None, removed: Some(false) }], status: Some(1), root: None, logs_bloom: 0x02000000000000000000000000000000000000000000200000000000000000000000000000000000000000000000200000000000000000000000000000000000000000000000000000000000000000000000000000000000040000004000000000000000000000000000000001004000000000000000000000000000000000000000000000000000000000000000000000000000000000000000000000000000000000000000000000000000000000000000000000000000000000000000400000000000000000000000000000000000000000000000000000000000000000000000000000000000000000000000000000000000000000000010000000000000, transaction_type: Some(2), effective_gas_price: Some(50000000007), other: OtherFields { inner: {"blobGasPrice": String("0x1")} } })
[2026-05-21T17:01:37Z INFO  automata_dcap_qpl_tool::helper::tcb_fmspc_async] [1315][0xa274E2C291C5D0c3322917aB54D6456d7A00B183] txn[upload_chunk_data_1] hash: 0xdba3a0ee38d44ce5829a4d5e26f9f4806a6818fa1bae3ba7d7c79042e6703fe3
[2026-05-21T17:01:44Z INFO  automata_dcap_qpl_tool::helper::tcb_fmspc_async] [1315][0xa274E2C291C5D0c3322917aB54D6456d7A00B183] txn[upload_chunk_data_1] receipt: Some(TransactionReceipt { transaction_hash: 0xdba3a0ee38d44ce5829a4d5e26f9f4806a6818fa1bae3ba7d7c79042e6703fe3, transaction_index: 0, block_hash: Some(0x4c22bd6f53168ec07f243e82bb1e4eeaf64faab5e6ae43574fc657e445f0adf6), block_number: Some(18536218), from: 0xf39fd6e51aad88f6f4ce6ab8827279cfffb92266, to: Some(0xa274e2c291c5d0c3322917ab54d6456d7a00b183), cumulative_gas_used: 1385961, gas_used: Some(1385961), contract_address: None, logs: [Log { address: 0x9f72340fbd4b8ce8aa4590835a7779e9cb192a06, topics: [0x7656bed4e956fe059c82a390825d59e565ad76d49b58cc2866a08883b22793e3, 0xad8bf00534a6d41ea60858e5a915dd4c5155e5f32bc5ea6e1f2da5fb7a128798], data: Bytes(0x00000000000000000000000000000000000000000000000000000000000003e700000000000000000000000000000000000000000000000000000000000023e7), block_hash: Some(0x4c22bd6f53168ec07f243e82bb1e4eeaf64faab5e6ae43574fc657e445f0adf6), block_number: Some(18536218), transaction_hash: Some(0xdba3a0ee38d44ce5829a4d5e26f9f4806a6818fa1bae3ba7d7c79042e6703fe3), transaction_index: Some(0), log_index: Some(0), transaction_log_index: None, log_type: None, removed: Some(false) }], status: Some(1), root: None, logs_bloom: 0x02000000000000000000000000000000000000000000200000000000000000000000000000000000000000000000200000000000000000000000000000000000000000000000000000000000000000000000000000000000040000004000000000000000000000000000000001004000000000000000000000000000000000000000000000000000000000000000000000000000000000000000000000000000000000000000000000000000000000000000000000000000000000000000400000000000000000000000000000000000000000000000000000000000000000000000000000000000000000000000000000000000000000000010000000000000, transaction_type: Some(2), effective_gas_price: Some(50000000007), other: OtherFields { inner: {"blobGasPrice": String("0x1")} } })
[2026-05-21T17:01:44Z INFO  automata_dcap_qpl_tool::helper::tcb_fmspc_async] [1315][0xa274E2C291C5D0c3322917aB54D6456d7A00B183] txn[upload_components_template] hash: 0x06276e37d774c048231fe25c998be4a07cad00a991f4471cb3cb3020c6ca871f
[2026-05-21T17:01:51Z INFO  automata_dcap_qpl_tool::helper::tcb_fmspc_async] [1315][0xa274E2C291C5D0c3322917aB54D6456d7A00B183] txn[upload_components_template] receipt: Some(TransactionReceipt { transaction_hash: 0x06276e37d774c048231fe25c998be4a07cad00a991f4471cb3cb3020c6ca871f, transaction_index: 0, block_hash: Some(0xa8c459ff3ad03dab1be155f4f351f14b23d3d094fd74995e7e68c3e01b66abca), block_number: Some(18536219), from: 0xf39fd6e51aad88f6f4ce6ab8827279cfffb92266, to: Some(0xa274e2c291c5d0c3322917ab54d6456d7a00b183), cumulative_gas_used: 358254, gas_used: Some(358254), contract_address: None, logs: [Log { address: 0x9f72340fbd4b8ce8aa4590835a7779e9cb192a06, topics: [0xe8c60b50c51da54511df9b2a8734e83cd565108d8a878ff287cd5b03de8f98b4, 0xb78ef0878be286d4e769908094359844071a6f1b5d4c25ccc7746bebe86c50e5], data: Bytes(0x), block_hash: Some(0xa8c459ff3ad03dab1be155f4f351f14b23d3d094fd74995e7e68c3e01b66abca), block_number: Some(18536219), transaction_hash: Some(0x06276e37d774c048231fe25c998be4a07cad00a991f4471cb3cb3020c6ca871f), transaction_index: Some(0), log_index: Some(0), transaction_log_index: None, log_type: None, removed: Some(false) }, Log { address: 0x9f72340fbd4b8ce8aa4590835a7779e9cb192a06, topics: [0x7656bed4e956fe059c82a390825d59e565ad76d49b58cc2866a08883b22793e3, 0xb78ef0878be286d4e769908094359844071a6f1b5d4c25ccc7746bebe86c50e5], data: Bytes(0x00000000000000000000000000000000000000000000000000000000000001490000000000000000000000000000000000000000000000000000000000000149), block_hash: Some(0xa8c459ff3ad03dab1be155f4f351f14b23d3d094fd74995e7e68c3e01b66abca), block_number: Some(18536219), transaction_hash: Some(0x06276e37d774c048231fe25c998be4a07cad00a991f4471cb3cb3020c6ca871f), transaction_index: Some(0), log_index: Some(1), transaction_log_index: None, log_type: None, removed: Some(false) }], status: Some(1), root: None, logs_bloom: 0x02000000000000000000000000010000000000000000000000000000000000000000000000000000000000000000200000000000000004000000000000000000000000000000000000000000000000000000000000000000040000000000000000000000000000000000000001004000000000000000000000000000000000000000001000000000000000000000000400000000000000000000000000000000000000000000000000000000000000000000000000000000000000000000400000000000000000000000000000000000001000000000000000000000000000000000000000000000000000000000008000000000000000000000000000000000, transaction_type: Some(2), effective_gas_price: Some(50000000007), other: OtherFields { inner: {"blobGasPrice": String("0x1")} } })
[2026-05-21T17:01:51Z INFO  automata_dcap_qpl_tool::helper::tcb_fmspc_async] [1315][0xa274E2C291C5D0c3322917aB54D6456d7A00B183] txn[commit_basics_extract] hash: 0x239bd5a847b91572c4882fc2f285cdca6025485749ac9934eda12ea44accee37
[2026-05-21T17:01:58Z INFO  automata_dcap_qpl_tool::helper::tcb_fmspc_async] [1315][0xa274E2C291C5D0c3322917aB54D6456d7A00B183] txn[commit_basics_extract] receipt: Some(TransactionReceipt { transaction_hash: 0x239bd5a847b91572c4882fc2f285cdca6025485749ac9934eda12ea44accee37, transaction_index: 0, block_hash: Some(0xddec8409e5ce9af485e0238dbe9029e76cc906862011634a846ad7ddcf8ebbe2), block_number: Some(18536220), from: 0xf39fd6e51aad88f6f4ce6ab8827279cfffb92266, to: Some(0xa274e2c291c5d0c3322917ab54d6456d7a00b183), cumulative_gas_used: 1126430, gas_used: Some(1126430), contract_address: None, logs: [], status: Some(1), root: None, logs_bloom: 0x00000000000000000000000000000000000000000000000000000000000000000000000000000000000000000000000000000000000000000000000000000000000000000000000000000000000000000000000000000000000000000000000000000000000000000000000000000000000000000000000000000000000000000000000000000000000000000000000000000000000000000000000000000000000000000000000000000000000000000000000000000000000000000000000000000000000000000000000000000000000000000000000000000000000000000000000000000000000000000000000000000000000000000000000000000000, transaction_type: Some(2), effective_gas_price: Some(50000000007), other: OtherFields { inner: {"blobGasPrice": String("0x1")} } })
[2026-05-21T17:01:58Z INFO  automata_dcap_qpl_tool::helper::tcb_fmspc_async] [1315][0xa274E2C291C5D0c3322917aB54D6456d7A00B183] txn[commit_tcb_levels_range] hash: 0x3aaaab7d4c2d2dc824a457b2816ba3f3e9305674dca6163b1741cadb0731d380
[2026-05-21T17:02:05Z INFO  automata_dcap_qpl_tool::helper::tcb_fmspc_async] [1315][0xa274E2C291C5D0c3322917aB54D6456d7A00B183] txn[commit_tcb_levels_range] receipt: Some(TransactionReceipt { transaction_hash: 0x3aaaab7d4c2d2dc824a457b2816ba3f3e9305674dca6163b1741cadb0731d380, transaction_index: 0, block_hash: Some(0x873a9a5ea307947111d4905dcbf892c9be92010fe34d93f74a063180fea9e8df), block_number: Some(18536221), from: 0xf39fd6e51aad88f6f4ce6ab8827279cfffb92266, to: Some(0xa274e2c291c5d0c3322917ab54d6456d7a00b183), cumulative_gas_used: 4002928, gas_used: Some(4002928), contract_address: None, logs: [Log { address: 0x9f72340fbd4b8ce8aa4590835a7779e9cb192a06, topics: [0xe8c60b50c51da54511df9b2a8734e83cd565108d8a878ff287cd5b03de8f98b4, 0x0e6cd693e675c9522194b29ee3e29b8aab65a3f7fe392bc34f16d6726d91bc61], data: Bytes(0x), block_hash: Some(0x873a9a5ea307947111d4905dcbf892c9be92010fe34d93f74a063180fea9e8df), block_number: Some(18536221), transaction_hash: Some(0x3aaaab7d4c2d2dc824a457b2816ba3f3e9305674dca6163b1741cadb0731d380), transaction_index: Some(0), log_index: Some(0), transaction_log_index: None, log_type: None, removed: Some(false) }], status: Some(1), root: None, logs_bloom: 0x00000000000000000000000000010000000000000000000000000000000000000000000000000000000000000000200000000100000000000000000000008000000000000000000000000000000000000000000000000000040000000000000000000000000000000000000001000000000000000000000000000000000000000000000000000000000000000000000000000040000000000000000000000000000000000000000000000000000000000000000000000000000000000000000000000000000000000000000000000000001000000000000000000000000000000000000000000000000000000000008000000000000000000000000000000000, transaction_type: Some(2), effective_gas_price: Some(50000000007), other: OtherFields { inner: {"blobGasPrice": String("0x1")} } })
[2026-05-21T17:02:05Z INFO  automata_dcap_qpl_tool::helper::tcb_fmspc_async] [1315][0xa274E2C291C5D0c3322917aB54D6456d7A00B183] txn[upload_parsed_tcb_levels_batch_v3] hash: 0x6f6ed3fec5cc61627842aa3d47a55533c37e80e1244b9e3f98a62d4b988c4fbd
[2026-05-21T17:02:12Z INFO  automata_dcap_qpl_tool::helper::tcb_fmspc_async] [1315][0xa274E2C291C5D0c3322917aB54D6456d7A00B183] txn[upload_parsed_tcb_levels_batch_v3] receipt: Some(TransactionReceipt { transaction_hash: 0x6f6ed3fec5cc61627842aa3d47a55533c37e80e1244b9e3f98a62d4b988c4fbd, transaction_index: 0, block_hash: Some(0x3eeefc1c36a6747fcdf626aee56851c89b181a0f7739d984b29abefe66f772d7), block_number: Some(18536222), from: 0xf39fd6e51aad88f6f4ce6ab8827279cfffb92266, to: Some(0xa274e2c291c5d0c3322917ab54d6456d7a00b183), cumulative_gas_used: 2078522, gas_used: Some(2078522), contract_address: None, logs: [Log { address: 0x9f72340fbd4b8ce8aa4590835a7779e9cb192a06, topics: [0x7656bed4e956fe059c82a390825d59e565ad76d49b58cc2866a08883b22793e3, 0x0e6cd693e675c9522194b29ee3e29b8aab65a3f7fe392bc34f16d6726d91bc61], data: Bytes(0x00000000000000000000000000000000000000000000000000000000000001410000000000000000000000000000000000000000000000000000000000000141), block_hash: Some(0x3eeefc1c36a6747fcdf626aee56851c89b181a0f7739d984b29abefe66f772d7), block_number: Some(18536222), transaction_hash: Some(0x6f6ed3fec5cc61627842aa3d47a55533c37e80e1244b9e3f98a62d4b988c4fbd), transaction_index: Some(0), log_index: Some(0), transaction_log_index: None, log_type: None, removed: Some(false) }], status: Some(1), root: None, logs_bloom: 0x02000000000000000000000000000000000000000000000000000000000000000000000000000000000000000000200000000100000000000000000000008000000000000000000000000000000000000000000000000000040000000000000000000000000000000000000001004000000000000000000000000000000000000000000000000000000000000000000000000040000000000000000000000000000000000000000000000000000000000000000000000000000000000000400000000000000000000000000000000000000000000000000000000000000000000000000000000000000000000000000000000000000000000000000000000000, transaction_type: Some(2), effective_gas_price: Some(50000000007), other: OtherFields { inner: {"blobGasPrice": String("0x1")} } })
[2026-05-21T17:02:12Z INFO  automata_dcap_qpl_tool::helper::tcb_fmspc_async] [1315][0xa274E2C291C5D0c3322917aB54D6456d7A00B183] txn[upload_parsed_tcb_levels_batch_v3] hash: 0xb0c2ccbe6400ce19fe7b960245b7b1cc109d3e634be3c62416661f953bfb0380
[2026-05-21T17:02:19Z INFO  automata_dcap_qpl_tool::helper::tcb_fmspc_async] [1315][0xa274E2C291C5D0c3322917aB54D6456d7A00B183] txn[upload_parsed_tcb_levels_batch_v3] receipt: Some(TransactionReceipt { transaction_hash: 0xb0c2ccbe6400ce19fe7b960245b7b1cc109d3e634be3c62416661f953bfb0380, transaction_index: 0, block_hash: Some(0xca4eaeab34b9540f2d93fedc9742e84884deea5d292856eed12aebaf96ac1c14), block_number: Some(18536223), from: 0xf39fd6e51aad88f6f4ce6ab8827279cfffb92266, to: Some(0xa274e2c291c5d0c3322917ab54d6456d7a00b183), cumulative_gas_used: 2247240, gas_used: Some(2247240), contract_address: None, logs: [Log { address: 0x9f72340fbd4b8ce8aa4590835a7779e9cb192a06, topics: [0x7656bed4e956fe059c82a390825d59e565ad76d49b58cc2866a08883b22793e3, 0x0e6cd693e675c9522194b29ee3e29b8aab65a3f7fe392bc34f16d6726d91bc61], data: Bytes(0x00000000000000000000000000000000000000000000000000000000000001b900000000000000000000000000000000000000000000000000000000000002fa), block_hash: Some(0xca4eaeab34b9540f2d93fedc9742e84884deea5d292856eed12aebaf96ac1c14), block_number: Some(18536223), transaction_hash: Some(0xb0c2ccbe6400ce19fe7b960245b7b1cc109d3e634be3c62416661f953bfb0380), transaction_index: Some(0), log_index: Some(0), transaction_log_index: None, log_type: None, removed: Some(false) }], status: Some(1), root: None, logs_bloom: 0x02000000000000000000000000000000000000000000000000000000000000000000000000000000000000000000200000000100000000000000000000008000000000000000000000000000000000000000000000000000040000000000000000000000000000000000000001004000000000000000000000000000000000000000000000000000000000000000000000000040000000000000000000000000000000000000000000000000000000000000000000000000000000000000400000000000000000000000000000000000000000000000000000000000000000000000000000000000000000000000000000000000000000000000000000000000, transaction_type: Some(2), effective_gas_price: Some(50000000007), other: OtherFields { inner: {"blobGasPrice": String("0x1")} } })
[2026-05-21T17:02:19Z INFO  automata_dcap_qpl_tool::helper::tcb_fmspc_async] [1315][0xa274E2C291C5D0c3322917aB54D6456d7A00B183] txn[upload_parsed_tcb_levels_batch_v3] hash: 0xddd40a42c34ff029a5b3cb9b9a2e39238b2640301860005b9e4916c527a8e6c5
[2026-05-21T17:02:26Z INFO  automata_dcap_qpl_tool::helper::tcb_fmspc_async] [1315][0xa274E2C291C5D0c3322917aB54D6456d7A00B183] txn[upload_parsed_tcb_levels_batch_v3] receipt: Some(TransactionReceipt { transaction_hash: 0xddd40a42c34ff029a5b3cb9b9a2e39238b2640301860005b9e4916c527a8e6c5, transaction_index: 0, block_hash: Some(0x984c91bff1258401e075af47b9474d59e3e24e2d5b189a3aa19d0b6ba553cbad), block_number: Some(18536224), from: 0xf39fd6e51aad88f6f4ce6ab8827279cfffb92266, to: Some(0xa274e2c291c5d0c3322917ab54d6456d7a00b183), cumulative_gas_used: 2483148, gas_used: Some(2483148), contract_address: None, logs: [Log { address: 0x9f72340fbd4b8ce8aa4590835a7779e9cb192a06, topics: [0x7656bed4e956fe059c82a390825d59e565ad76d49b58cc2866a08883b22793e3, 0x0e6cd693e675c9522194b29ee3e29b8aab65a3f7fe392bc34f16d6726d91bc61], data: Bytes(0x0000000000000000000000000000000000000000000000000000000000000222000000000000000000000000000000000000000000000000000000000000051c), block_hash: Some(0x984c91bff1258401e075af47b9474d59e3e24e2d5b189a3aa19d0b6ba553cbad), block_number: Some(18536224), transaction_hash: Some(0xddd40a42c34ff029a5b3cb9b9a2e39238b2640301860005b9e4916c527a8e6c5), transaction_index: Some(0), log_index: Some(0), transaction_log_index: None, log_type: None, removed: Some(false) }], status: Some(1), root: None, logs_bloom: 0x02000000000000000000000000000000000000000000000000000000000000000000000000000000000000000000200000000100000000000000000000008000000000000000000000000000000000000000000000000000040000000000000000000000000000000000000001004000000000000000000000000000000000000000000000000000000000000000000000000040000000000000000000000000000000000000000000000000000000000000000000000000000000000000400000000000000000000000000000000000000000000000000000000000000000000000000000000000000000000000000000000000000000000000000000000000, transaction_type: Some(2), effective_gas_price: Some(50000000007), other: OtherFields { inner: {"blobGasPrice": String("0x1")} } })
[2026-05-21T17:02:26Z INFO  automata_dcap_qpl_tool::helper::tcb_fmspc_async] [1315][0xa274E2C291C5D0c3322917aB54D6456d7A00B183] txn[upload_parsed_tcb_levels_batch_v3] hash: 0x9c3230d62e93ef8d256ad40ba3c190fc05878a1113d2e0202f78d8619e200662
[2026-05-21T17:02:33Z INFO  automata_dcap_qpl_tool::helper::tcb_fmspc_async] [1315][0xa274E2C291C5D0c3322917aB54D6456d7A00B183] txn[upload_parsed_tcb_levels_batch_v3] receipt: Some(TransactionReceipt { transaction_hash: 0x9c3230d62e93ef8d256ad40ba3c190fc05878a1113d2e0202f78d8619e200662, transaction_index: 0, block_hash: Some(0x6d071f30641a8e1bd43b768add9f82130168fa56f93333ccce08ec9769d41d41), block_number: Some(18536225), from: 0xf39fd6e51aad88f6f4ce6ab8827279cfffb92266, to: Some(0xa274e2c291c5d0c3322917ab54d6456d7a00b183), cumulative_gas_used: 2747224, gas_used: Some(2747224), contract_address: None, logs: [Log { address: 0x9f72340fbd4b8ce8aa4590835a7779e9cb192a06, topics: [0x7656bed4e956fe059c82a390825d59e565ad76d49b58cc2866a08883b22793e3, 0x0e6cd693e675c9522194b29ee3e29b8aab65a3f7fe392bc34f16d6726d91bc61], data: Bytes(0x000000000000000000000000000000000000000000000000000000000000029a00000000000000000000000000000000000000000000000000000000000007b6), block_hash: Some(0x6d071f30641a8e1bd43b768add9f82130168fa56f93333ccce08ec9769d41d41), block_number: Some(18536225), transaction_hash: Some(0x9c3230d62e93ef8d256ad40ba3c190fc05878a1113d2e0202f78d8619e200662), transaction_index: Some(0), log_index: Some(0), transaction_log_index: None, log_type: None, removed: Some(false) }], status: Some(1), root: None, logs_bloom: 0x02000000000000000000000000000000000000000000000000000000000000000000000000000000000000000000200000000100000000000000000000008000000000000000000000000000000000000000000000000000040000000000000000000000000000000000000001004000000000000000000000000000000000000000000000000000000000000000000000000040000000000000000000000000000000000000000000000000000000000000000000000000000000000000400000000000000000000000000000000000000000000000000000000000000000000000000000000000000000000000000000000000000000000000000000000000, transaction_type: Some(2), effective_gas_price: Some(50000000007), other: OtherFields { inner: {"blobGasPrice": String("0x1")} } })
[2026-05-21T17:02:33Z INFO  automata_dcap_qpl_tool::helper::tcb_fmspc_async] [1315][0xa274E2C291C5D0c3322917aB54D6456d7A00B183] txn[upload_parsed_tcb_levels_batch_v3] hash: 0x0fd7a4577a8108bb0ae3e37d46b9ad014911f3621af504a6c18af37c2bccf938
[2026-05-21T17:02:40Z INFO  automata_dcap_qpl_tool::helper::tcb_fmspc_async] [1315][0xa274E2C291C5D0c3322917aB54D6456d7A00B183] txn[upload_parsed_tcb_levels_batch_v3] receipt: Some(TransactionReceipt { transaction_hash: 0x0fd7a4577a8108bb0ae3e37d46b9ad014911f3621af504a6c18af37c2bccf938, transaction_index: 0, block_hash: Some(0x208e7497998ad16366451762214476938968228d0d7c07e39bbf2bd1ae6e04ca), block_number: Some(18536226), from: 0xf39fd6e51aad88f6f4ce6ab8827279cfffb92266, to: Some(0xa274e2c291c5d0c3322917ab54d6456d7a00b183), cumulative_gas_used: 3413011, gas_used: Some(3413011), contract_address: None, logs: [Log { address: 0x9f72340fbd4b8ce8aa4590835a7779e9cb192a06, topics: [0x7656bed4e956fe059c82a390825d59e565ad76d49b58cc2866a08883b22793e3, 0x0e6cd693e675c9522194b29ee3e29b8aab65a3f7fe392bc34f16d6726d91bc61], data: Bytes(0x00000000000000000000000000000000000000000000000000000000000003e40000000000000000000000000000000000000000000000000000000000000b9a), block_hash: Some(0x208e7497998ad16366451762214476938968228d0d7c07e39bbf2bd1ae6e04ca), block_number: Some(18536226), transaction_hash: Some(0x0fd7a4577a8108bb0ae3e37d46b9ad014911f3621af504a6c18af37c2bccf938), transaction_index: Some(0), log_index: Some(0), transaction_log_index: None, log_type: None, removed: Some(false) }], status: Some(1), root: None, logs_bloom: 0x02000000000000000000000000000000000000000000000000000000000000000000000000000000000000000000200000000100000000000000000000008000000000000000000000000000000000000000000000000000040000000000000000000000000000000000000001004000000000000000000000000000000000000000000000000000000000000000000000000040000000000000000000000000000000000000000000000000000000000000000000000000000000000000400000000000000000000000000000000000000000000000000000000000000000000000000000000000000000000000000000000000000000000000000000000000, transaction_type: Some(2), effective_gas_price: Some(50000000007), other: OtherFields { inner: {"blobGasPrice": String("0x1")} } })
[2026-05-21T17:02:50Z INFO  automata_dcap_qpl_tool::helper::tcb_fmspc_async] [1315][0xa274E2C291C5D0c3322917aB54D6456d7A00B183] txn[finalize_async_upsert] hash: 0xd766a212e341c47d788cbc524119a81678f08e8fcff2c1e66bbf293367030690
[2026-05-21T17:02:57Z INFO  automata_dcap_qpl_tool::helper::tcb_fmspc_async] [1315][0xa274E2C291C5D0c3322917aB54D6456d7A00B183] txn[finalize_async_upsert] receipt: Some(TransactionReceipt { transaction_hash: 0xd766a212e341c47d788cbc524119a81678f08e8fcff2c1e66bbf293367030690, transaction_index: 0, block_hash: Some(0x66ca9da9beac15f6f048109227c07847b809dc7be45e2de17577f7db6ad97976), block_number: Some(18536227), from: 0xf39fd6e51aad88f6f4ce6ab8827279cfffb92266, to: Some(0xa274e2c291c5d0c3322917ab54d6456d7a00b183), cumulative_gas_used: 1898801, gas_used: Some(1898801), contract_address: None, logs: [Log { address: 0x9f72340fbd4b8ce8aa4590835a7779e9cb192a06, topics: [0x7656bed4e956fe059c82a390825d59e565ad76d49b58cc2866a08883b22793e3, 0x64e31bff797f350a5a6ff94757d31773fb02ad5440c3a4c1220bf056858437b6], data: Bytes(0x00000000000000000000000000000000000000000000000000000000000000200000000000000000000000000000000000000000000000000000000000000020), block_hash: Some(0x66ca9da9beac15f6f048109227c07847b809dc7be45e2de17577f7db6ad97976), block_number: Some(18536227), transaction_hash: Some(0xd766a212e341c47d788cbc524119a81678f08e8fcff2c1e66bbf293367030690), transaction_index: Some(0), log_index: Some(0), transaction_log_index: None, log_type: None, removed: Some(false) }, Log { address: 0x9f72340fbd4b8ce8aa4590835a7779e9cb192a06, topics: [0x7656bed4e956fe059c82a390825d59e565ad76d49b58cc2866a08883b22793e3, 0x8c7b7ea2963e2626ffdb7fbc0d08214a625cfeb407f00e88208a2d5657079dc7], data: Bytes(0x00000000000000000000000000000000000000000000000000000000000000200000000000000000000000000000000000000000000000000000000000000020), block_hash: Some(0x66ca9da9beac15f6f048109227c07847b809dc7be45e2de17577f7db6ad97976), block_number: Some(18536227), transaction_hash: Some(0xd766a212e341c47d788cbc524119a81678f08e8fcff2c1e66bbf293367030690), transaction_index: Some(0), log_index: Some(1), transaction_log_index: None, log_type: None, removed: Some(false) }, Log { address: 0x9f72340fbd4b8ce8aa4590835a7779e9cb192a06, topics: [0x7656bed4e956fe059c82a390825d59e565ad76d49b58cc2866a08883b22793e3, 0xe08e35d1c75ed4b2781600b44891d0f2274a325ed5b65a0d96d48f95e26f41b8], data: Bytes(0x00000000000000000000000000000000000000000000000000000000000000200000000000000000000000000000000000000000000000000000000000000020), block_hash: Some(0x66ca9da9beac15f6f048109227c07847b809dc7be45e2de17577f7db6ad97976), block_number: Some(18536227), transaction_hash: Some(0xd766a212e341c47d788cbc524119a81678f08e8fcff2c1e66bbf293367030690), transaction_index: Some(0), log_index: Some(2), transaction_log_index: None, log_type: None, removed: Some(false) }, Log { address: 0x9f72340fbd4b8ce8aa4590835a7779e9cb192a06, topics: [0x4c1d95aa5b7b0987b2ce9caf74bc65727e4354e69ad1f8c9f3de71c109d00d2d, 0x02c053df62c53eb511dd2d9ae8ed55bef778eb9b7e99f4de369724c975a81722, 0x64e31bff797f350a5a6ff94757d31773fb02ad5440c3a4c1220bf056858437b6], data: Bytes(0x), block_hash: Some(0x66ca9da9beac15f6f048109227c07847b809dc7be45e2de17577f7db6ad97976), block_number: Some(18536227), transaction_hash: Some(0xd766a212e341c47d788cbc524119a81678f08e8fcff2c1e66bbf293367030690), transaction_index: Some(0), log_index: Some(3), transaction_log_index: None, log_type: None, removed: Some(false) }, Log { address: 0x9f72340fbd4b8ce8aa4590835a7779e9cb192a06, topics: [0x4c1d95aa5b7b0987b2ce9caf74bc65727e4354e69ad1f8c9f3de71c109d00d2d, 0xc0b5831d4b627e913a57601926ba6bead80af5c7ee35c5ee3d85c071f2e76861, 0x8c7b7ea2963e2626ffdb7fbc0d08214a625cfeb407f00e88208a2d5657079dc7], data: Bytes(0x), block_hash: Some(0x66ca9da9beac15f6f048109227c07847b809dc7be45e2de17577f7db6ad97976), block_number: Some(18536227), transaction_hash: Some(0xd766a212e341c47d788cbc524119a81678f08e8fcff2c1e66bbf293367030690), transaction_index: Some(0), log_index: Some(4), transaction_log_index: None, log_type: None, removed: Some(false) }, Log { address: 0x9f72340fbd4b8ce8aa4590835a7779e9cb192a06, topics: [0x4c1d95aa5b7b0987b2ce9caf74bc65727e4354e69ad1f8c9f3de71c109d00d2d, 0x8503835f05264df7c74d8c4e95b6e5d753848ccef318b722ed60f3b5a8cebb03, 0xe08e35d1c75ed4b2781600b44891d0f2274a325ed5b65a0d96d48f95e26f41b8], data: Bytes(0x), block_hash: Some(0x66ca9da9beac15f6f048109227c07847b809dc7be45e2de17577f7db6ad97976), block_number: Some(18536227), transaction_hash: Some(0xd766a212e341c47d788cbc524119a81678f08e8fcff2c1e66bbf293367030690), transaction_index: Some(0), log_index: Some(5), transaction_log_index: None, log_type: None, removed: Some(false) }, Log { address: 0x9f72340fbd4b8ce8aa4590835a7779e9cb192a06, topics: [0x4c1d95aa5b7b0987b2ce9caf74bc65727e4354e69ad1f8c9f3de71c109d00d2d, 0xad8bf00534a6d41ea60858e5a915dd4c5155e5f32bc5ea6e1f2da5fb7a128798, 0xad8bf00534a6d41ea60858e5a915dd4c5155e5f32bc5ea6e1f2da5fb7a128798], data: Bytes(0x), block_hash: Some(0x66ca9da9beac15f6f048109227c07847b809dc7be45e2de17577f7db6ad97976), block_number: Some(18536227), transaction_hash: Some(0xd766a212e341c47d788cbc524119a81678f08e8fcff2c1e66bbf293367030690), transaction_index: Some(0), log_index: Some(6), transaction_log_index: None, log_type: None, removed: Some(false) }, Log { address: 0xa274e2c291c5d0c3322917ab54d6456d7a00b183, topics: [0x1a463e8f53a16684615daa3981a361ef46053ca65356aca9ec7b63e327478928, 0x0000000000000000000000000000000000000000000000000000000000000000, 0x00606a0000000000000000000000000000000000000000000000000000000000, 0x0000000000000000000000000000000000000000000000000000000000000003], data: Bytes(0x), block_hash: Some(0x66ca9da9beac15f6f048109227c07847b809dc7be45e2de17577f7db6ad97976), block_number: Some(18536227), transaction_hash: Some(0xd766a212e341c47d788cbc524119a81678f08e8fcff2c1e66bbf293367030690), transaction_index: Some(0), log_index: Some(7), transaction_log_index: None, log_type: None, removed: Some(false) }], status: Some(1), root: None, logs_bloom: 0x02000000000000000010000000000000000000000000200000002000000000000000000000002000000000000000200000000000020002000000000000000000000000080000008000000000000040000000000000000000040400004000000000000000020000200000000001004800000000000000100000000000000200000200000000000000400000001000000000000200000000000800000000002000000001000001400000000000000000000000000000800000000000000000400020000400080002000000000000000000000000008000000000000000000020008000000000000001000020010000000000000000000000020010000000000000, transaction_type: Some(2), effective_gas_price: Some(50000000007), other: OtherFields { inner: {"blobGasPrice": String("0x1")} } })
