warning: type `AsyncParsePlan` is more private than the item `load_tcb_info_payload_from_file`
   --> src/helper/tcb_fmspc_async.rs:118:1
    |
118 | / pub(crate) fn load_tcb_info_payload_from_file(
119 | |     log_prefix: &str,
120 | |     path: &str,
121 | |     platform: &str,
122 | |     collateral_version: &str,
123 | |     signature_hex: Option<&str>,
124 | | ) -> Result<(String, TcbInfoJsonObj, TcbLocator, AsyncParsePlan), String> {
    | |_________________________________________________________________________^ function `load_tcb_info_payload_from_file` is reachable at visibility `pub(crate)`
    |
note: but type `AsyncParsePlan` is only usable at visibility `pub(self)`
   --> src/helper/tcb_fmspc_async.rs:53:1
    |
 53 | struct AsyncParsePlan {
    | ^^^^^^^^^^^^^^^^^^^^^
    = note: `#[warn(private_interfaces)]` on by default

warning: type `AsyncParsePlan` is more private than the item `fetch_tcb_info_payload`
   --> src/helper/tcb_fmspc_async.rs:184:1
    |
184 | / pub(crate) async fn fetch_tcb_info_payload(
185 | |     log_prefix: &str,
186 | |     fmspc: &str,
187 | |     platform: &str,
...   |
190 | |     tcb_evaluation_data_number: Option<u32>,
191 | | ) -> Result<(String, TcbInfoJsonObj, TcbLocator, AsyncParsePlan), String> {
    | |_________________________________________________________________________^ function `fetch_tcb_info_payload` is reachable at visibility `pub(crate)`
    |
note: but type `AsyncParsePlan` is only usable at visibility `pub(self)`
   --> src/helper/tcb_fmspc_async.rs:53:1
    |
 53 | struct AsyncParsePlan {
    | ^^^^^^^^^^^^^^^^^^^^^

warning: function `send_transaction_with_response` is never used
   --> src/helper/tcb_fmspc_async.rs:423:10
    |
423 | async fn send_transaction_with_response<M, D>(
    |          ^^^^^^^^^^^^^^^^^^^^^^^^^^^^^^
    |
    = note: `#[warn(dead_code)]` (part of `#[warn(unused)]`) on by default

warning: function `upsert_tcb_eval_data_number` is never used
   --> src/contracts.rs:518:14
    |
518 | pub async fn upsert_tcb_eval_data_number(
    |              ^^^^^^^^^^^^^^^^^^^^^^^^^^^
    |
    = note: `#[warn(dead_code)]` (part of `#[warn(unused)]`) on by default

warning: function `upsert_tcb_eval_data_number_func` is never used
    --> src/helper.rs:1320:14
     |
1320 | pub async fn upsert_tcb_eval_data_number_func(
     |              ^^^^^^^^^^^^^^^^^^^^^^^^^^^^^^^^

warning: function `upsert_root_ca_func` is never used
    --> src/helper.rs:1364:14
     |
1364 | pub async fn upsert_root_ca_func(
     |              ^^^^^^^^^^^^^^^^^^^

warning: function `upsert_root_ca_crl_func` is never used
    --> src/helper.rs:1486:14
     |
1486 | pub async fn upsert_root_ca_crl_func(
     |              ^^^^^^^^^^^^^^^^^^^^^^^

warning: function `upsert_platform_ca_func` is never used
    --> src/helper.rs:1573:14
     |
1573 | pub async fn upsert_platform_ca_func(
     |              ^^^^^^^^^^^^^^^^^^^^^^^

warning: function `upsert_platform_ca_crl_func` is never used
    --> src/helper.rs:1703:14
     |
1703 | pub async fn upsert_platform_ca_crl_func(
     |              ^^^^^^^^^^^^^^^^^^^^^^^^^^^

warning: function `upsert_processor_ca_func` is never used
    --> src/helper.rs:1721:14
     |
1721 | pub async fn upsert_processor_ca_func(
     |              ^^^^^^^^^^^^^^^^^^^^^^^^

warning: function `upsert_processor_ca_crl_func` is never used
    --> src/helper.rs:1851:14
     |
1851 | pub async fn upsert_processor_ca_crl_func(
     |              ^^^^^^^^^^^^^^^^^^^^^^^^^^^^

warning: function `upsert_tcb_signing_ca_func` is never used
    --> src/helper.rs:1869:14
     |
1869 | pub async fn upsert_tcb_signing_ca_func(
     |              ^^^^^^^^^^^^^^^^^^^^^^^^^^

warning: function `upsert_enclave_identity_func` is never used
    --> src/helper.rs:2001:14
     |
2001 | pub async fn upsert_enclave_identity_func(
     |              ^^^^^^^^^^^^^^^^^^^^^^^^^^^^

warning: function `upsert_platform_processor_ca_crl` is never used
    --> src/helper.rs:2130:10
     |
2130 | async fn upsert_platform_processor_ca_crl(
     |          ^^^^^^^^^^^^^^^^^^^^^^^^^^^^^^^^

warning: function `send_transaction_with_response` is never used
   --> src/helper/tcb_fmspc_async.rs:423:10
    |
423 | async fn send_transaction_with_response<M, D>(
    |          ^^^^^^^^^^^^^^^^^^^^^^^^^^^^^^

warning: field `enclave_identity` is never read
 --> src/pccs_types.rs:8:9
  |
6 | pub struct EnclaveIdentity {
  |            --------------- field in this struct
7 |     #[serde(rename = "enclaveIdentity")]
8 |     pub enclave_identity: IndexMap<String, Value>,
  |         ^^^^^^^^^^^^^^^^
  |
  = note: `EnclaveIdentity` has a derived impl for the trait `Debug`, but this is intentionally ignored during dead code analysis

warning: struct `TcbEvalDataNumber` is never constructed
  --> src/pccs_types.rs:20:12
   |
20 | pub struct TcbEvalDataNumber {
   |            ^^^^^^^^^^^^^^^^^

[2026-05-21T17:13:48Z INFO  automata_dcap_qpl_tool::helper::tcb_fmspc_async] [1315][0xa274E2C291C5D0c3322917aB54D6456d7A00B183] txn[start_async_upsert] hash: 0x2262eeb4b3a9edaed012faf26269e8ed017ade274af6858d3a0131a0e6218da2
[2026-05-21T17:13:55Z INFO  automata_dcap_qpl_tool::helper::tcb_fmspc_async] [1315][0xa274E2C291C5D0c3322917aB54D6456d7A00B183] txn[start_async_upsert] receipt: Some(TransactionReceipt { transaction_hash: 0x2262eeb4b3a9edaed012faf26269e8ed017ade274af6858d3a0131a0e6218da2, transaction_index: 0, block_hash: Some(0xb34ec1e8affd6068c78e55533bc7c19d99451dc30a65956027ccb1870f951e25), block_number: Some(18536228), from: 0xf39fd6e51aad88f6f4ce6ab8827279cfffb92266, to: Some(0xa274e2c291c5d0c3322917ab54d6456d7a00b183), cumulative_gas_used: 317629, gas_used: Some(317629), contract_address: None, logs: [Log { address: 0x9f72340fbd4b8ce8aa4590835a7779e9cb192a06, topics: [0xe8c60b50c51da54511df9b2a8734e83cd565108d8a878ff287cd5b03de8f98b4, 0x22a80408833c68d82ed1f01aeed4514eb887f18eff8bdfcbc9fda8191dd2d289], data: Bytes(0x), block_hash: Some(0xb34ec1e8affd6068c78e55533bc7c19d99451dc30a65956027ccb1870f951e25), block_number: Some(18536228), transaction_hash: Some(0x2262eeb4b3a9edaed012faf26269e8ed017ade274af6858d3a0131a0e6218da2), transaction_index: Some(0), log_index: Some(0), transaction_log_index: None, log_type: None, removed: Some(false) }, Log { address: 0x9f72340fbd4b8ce8aa4590835a7779e9cb192a06, topics: [0xe8c60b50c51da54511df9b2a8734e83cd565108d8a878ff287cd5b03de8f98b4, 0x448725d930fca0d93089ac576efc6afb373800bb6005ba129e488bc50df90fdd], data: Bytes(0x), block_hash: Some(0xb34ec1e8affd6068c78e55533bc7c19d99451dc30a65956027ccb1870f951e25), block_number: Some(18536228), transaction_hash: Some(0x2262eeb4b3a9edaed012faf26269e8ed017ade274af6858d3a0131a0e6218da2), transaction_index: Some(0), log_index: Some(1), transaction_log_index: None, log_type: None, removed: Some(false) }, Log { address: 0x9f72340fbd4b8ce8aa4590835a7779e9cb192a06, topics: [0xe8c60b50c51da54511df9b2a8734e83cd565108d8a878ff287cd5b03de8f98b4, 0xabb3bc273668f4b11ca381f79718ed6a0d8bd7ec6a5f504545880bed12577aa8], data: Bytes(0x), block_hash: Some(0xb34ec1e8affd6068c78e55533bc7c19d99451dc30a65956027ccb1870f951e25), block_number: Some(18536228), transaction_hash: Some(0x2262eeb4b3a9edaed012faf26269e8ed017ade274af6858d3a0131a0e6218da2), transaction_index: Some(0), log_index: Some(2), transaction_log_index: None, log_type: None, removed: Some(false) }, Log { address: 0x9f72340fbd4b8ce8aa4590835a7779e9cb192a06, topics: [0xe8c60b50c51da54511df9b2a8734e83cd565108d8a878ff287cd5b03de8f98b4, 0xab6d11814825687da253bf055d94d4c3dfb49f852464b8ea5040e7d205b0337b], data: Bytes(0x), block_hash: Some(0xb34ec1e8affd6068c78e55533bc7c19d99451dc30a65956027ccb1870f951e25), block_number: Some(18536228), transaction_hash: Some(0x2262eeb4b3a9edaed012faf26269e8ed017ade274af6858d3a0131a0e6218da2), transaction_index: Some(0), log_index: Some(3), transaction_log_index: None, log_type: None, removed: Some(false) }], status: Some(1), root: None, logs_bloom: 0x00000000000000000000000000010000800000000000000000000000000000000080000000000000000000000000200000000000000000000000000100000000000000000000000000000000000000000000000000000000040000000000000100000000000000000000000001000000000000000000000000000020000000000000000000000000008000000000000000000000004000000000000000000000000000000000000000040000000000000000000000000000000000000000000000000000000000000000000010000000001000000000400000000000000000000000200000000000000200000000008000000000000000000000000000000000, transaction_type: Some(2), effective_gas_price: Some(50000000007), other: OtherFields { inner: {"blobGasPrice": String("0x1")} } })
[2026-05-21T17:13:55Z INFO  automata_dcap_qpl_tool::helper::tcb_fmspc_async] [1315][0xa274E2C291C5D0c3322917aB54D6456d7A00B183] txn[upload_chunk_data_0] hash: 0x9f8f23aa9b094d6aef7c284114140fed10af9d964fb1d8143eb61be9fcfd859f
[2026-05-21T17:14:02Z INFO  automata_dcap_qpl_tool::helper::tcb_fmspc_async] [1315][0xa274E2C291C5D0c3322917aB54D6456d7A00B183] txn[upload_chunk_data_0] receipt: Some(TransactionReceipt { transaction_hash: 0x9f8f23aa9b094d6aef7c284114140fed10af9d964fb1d8143eb61be9fcfd859f, transaction_index: 0, block_hash: Some(0x6ac3470386cb9021da1474f39f783333b6a0dd5d20006c10a7f28c479d8a9f0e), block_number: Some(18536229), from: 0xf39fd6e51aad88f6f4ce6ab8827279cfffb92266, to: Some(0xa274e2c291c5d0c3322917ab54d6456d7a00b183), cumulative_gas_used: 5878362, gas_used: Some(5878362), contract_address: None, logs: [Log { address: 0x9f72340fbd4b8ce8aa4590835a7779e9cb192a06, topics: [0x7656bed4e956fe059c82a390825d59e565ad76d49b58cc2866a08883b22793e3, 0x22a80408833c68d82ed1f01aeed4514eb887f18eff8bdfcbc9fda8191dd2d289], data: Bytes(0x00000000000000000000000000000000000000000000000000000000000020000000000000000000000000000000000000000000000000000000000000002000), block_hash: Some(0x6ac3470386cb9021da1474f39f783333b6a0dd5d20006c10a7f28c479d8a9f0e), block_number: Some(18536229), transaction_hash: Some(0x9f8f23aa9b094d6aef7c284114140fed10af9d964fb1d8143eb61be9fcfd859f), transaction_index: Some(0), log_index: Some(0), transaction_log_index: None, log_type: None, removed: Some(false) }], status: Some(1), root: None, logs_bloom: 0x02000000000000000000000000000000000000000000000000000000000000000080000000000000000000000000200000000000000000000000000000000000000000000000000000000000000000000000000000000000040000000000000100000000000000000000000001004000000000000000000000000000000000000000000000000000000000000000000000000000000000000000000000000000000000000000000000040000000000000000000000000000000000000000400000000000000000000000000000000000000000000000000000000000000000000000000000000000000000000000000000000000000000000000000000000000, transaction_type: Some(2), effective_gas_price: Some(50000000007), other: OtherFields { inner: {"blobGasPrice": String("0x1")} } })
[2026-05-21T17:14:02Z INFO  automata_dcap_qpl_tool::helper::tcb_fmspc_async] [1315][0xa274E2C291C5D0c3322917aB54D6456d7A00B183] txn[upload_chunk_data_1] hash: 0x54c4906b09661c0081ef10bb56bf76034981504cd9c709c659859c9682a360be
[2026-05-21T17:14:09Z INFO  automata_dcap_qpl_tool::helper::tcb_fmspc_async] [1315][0xa274E2C291C5D0c3322917aB54D6456d7A00B183] txn[upload_chunk_data_1] receipt: Some(TransactionReceipt { transaction_hash: 0x54c4906b09661c0081ef10bb56bf76034981504cd9c709c659859c9682a360be, transaction_index: 0, block_hash: Some(0xefa62db6c5ab161039824f1abb420d61ebc4f3baac0b75d74277b7969b277613), block_number: Some(18536230), from: 0xf39fd6e51aad88f6f4ce6ab8827279cfffb92266, to: Some(0xa274e2c291c5d0c3322917ab54d6456d7a00b183), cumulative_gas_used: 1385961, gas_used: Some(1385961), contract_address: None, logs: [Log { address: 0x9f72340fbd4b8ce8aa4590835a7779e9cb192a06, topics: [0x7656bed4e956fe059c82a390825d59e565ad76d49b58cc2866a08883b22793e3, 0x22a80408833c68d82ed1f01aeed4514eb887f18eff8bdfcbc9fda8191dd2d289], data: Bytes(0x00000000000000000000000000000000000000000000000000000000000003e700000000000000000000000000000000000000000000000000000000000023e7), block_hash: Some(0xefa62db6c5ab161039824f1abb420d61ebc4f3baac0b75d74277b7969b277613), block_number: Some(18536230), transaction_hash: Some(0x54c4906b09661c0081ef10bb56bf76034981504cd9c709c659859c9682a360be), transaction_index: Some(0), log_index: Some(0), transaction_log_index: None, log_type: None, removed: Some(false) }], status: Some(1), root: None, logs_bloom: 0x02000000000000000000000000000000000000000000000000000000000000000080000000000000000000000000200000000000000000000000000000000000000000000000000000000000000000000000000000000000040000000000000100000000000000000000000001004000000000000000000000000000000000000000000000000000000000000000000000000000000000000000000000000000000000000000000000040000000000000000000000000000000000000000400000000000000000000000000000000000000000000000000000000000000000000000000000000000000000000000000000000000000000000000000000000000, transaction_type: Some(2), effective_gas_price: Some(50000000007), other: OtherFields { inner: {"blobGasPrice": String("0x1")} } })
[2026-05-21T17:14:09Z INFO  automata_dcap_qpl_tool::helper::tcb_fmspc_async] [1315][0xa274E2C291C5D0c3322917aB54D6456d7A00B183] txn[upload_components_template] hash: 0x1431c8ee8adace66e3c6bbff465f9d6526183259f57b2cafa83fdb136d7d9db5
[2026-05-21T17:14:16Z INFO  automata_dcap_qpl_tool::helper::tcb_fmspc_async] [1315][0xa274E2C291C5D0c3322917aB54D6456d7A00B183] txn[upload_components_template] receipt: Some(TransactionReceipt { transaction_hash: 0x1431c8ee8adace66e3c6bbff465f9d6526183259f57b2cafa83fdb136d7d9db5, transaction_index: 0, block_hash: Some(0x56d9b37f832ae4cd8db66ab0cf73369688832555a282018a6d5265a51694d044), block_number: Some(18536231), from: 0xf39fd6e51aad88f6f4ce6ab8827279cfffb92266, to: Some(0xa274e2c291c5d0c3322917ab54d6456d7a00b183), cumulative_gas_used: 358254, gas_used: Some(358254), contract_address: None, logs: [Log { address: 0x9f72340fbd4b8ce8aa4590835a7779e9cb192a06, topics: [0xe8c60b50c51da54511df9b2a8734e83cd565108d8a878ff287cd5b03de8f98b4, 0x5251967a52f3aa9531b5ab6dfb69b836a878deaaa122d2f96a7404a0ee7e9652], data: Bytes(0x), block_hash: Some(0x56d9b37f832ae4cd8db66ab0cf73369688832555a282018a6d5265a51694d044), block_number: Some(18536231), transaction_hash: Some(0x1431c8ee8adace66e3c6bbff465f9d6526183259f57b2cafa83fdb136d7d9db5), transaction_index: Some(0), log_index: Some(0), transaction_log_index: None, log_type: None, removed: Some(false) }, Log { address: 0x9f72340fbd4b8ce8aa4590835a7779e9cb192a06, topics: [0x7656bed4e956fe059c82a390825d59e565ad76d49b58cc2866a08883b22793e3, 0x5251967a52f3aa9531b5ab6dfb69b836a878deaaa122d2f96a7404a0ee7e9652], data: Bytes(0x00000000000000000000000000000000000000000000000000000000000001490000000000000000000000000000000000000000000000000000000000000149), block_hash: Some(0x56d9b37f832ae4cd8db66ab0cf73369688832555a282018a6d5265a51694d044), block_number: Some(18536231), transaction_hash: Some(0x1431c8ee8adace66e3c6bbff465f9d6526183259f57b2cafa83fdb136d7d9db5), transaction_index: Some(0), log_index: Some(1), transaction_log_index: None, log_type: None, removed: Some(false) }], status: Some(1), root: None, logs_bloom: 0x02000000000000000000000000010400000000000000000000000000000000000000000000000000000000000000200000000000000000000000000000000000000000000000000000000000000000000000000000000000040000000000000004000000000000000000000001004000000000000000000000000000000000000000000000000000000000000200000000000000000000000000000000000000000000000000000000000000000000000000000000000000000000000000400000000000000000000000000000000000001000000000000000000000000000000000000000000000000000000000008000000000000000000000000000000000, transaction_type: Some(2), effective_gas_price: Some(50000000007), other: OtherFields { inner: {"blobGasPrice": String("0x1")} } })
[2026-05-21T17:14:16Z INFO  automata_dcap_qpl_tool::helper::tcb_fmspc_async] [1315][0xa274E2C291C5D0c3322917aB54D6456d7A00B183] txn[commit_basics_extract] hash: 0x1be627737b62434278dafc17c1b3c6c4fd62eab6d583441f03c01c3c5fcdf176
[2026-05-21T17:14:23Z INFO  automata_dcap_qpl_tool::helper::tcb_fmspc_async] [1315][0xa274E2C291C5D0c3322917aB54D6456d7A00B183] txn[commit_basics_extract] receipt: Some(TransactionReceipt { transaction_hash: 0x1be627737b62434278dafc17c1b3c6c4fd62eab6d583441f03c01c3c5fcdf176, transaction_index: 0, block_hash: Some(0x402745c5fac36746e5ff290b500a70f3516303341fa5a8217708caa65e56d78b), block_number: Some(18536232), from: 0xf39fd6e51aad88f6f4ce6ab8827279cfffb92266, to: Some(0xa274e2c291c5d0c3322917ab54d6456d7a00b183), cumulative_gas_used: 1126430, gas_used: Some(1126430), contract_address: None, logs: [], status: Some(1), root: None, logs_bloom: 0x00000000000000000000000000000000000000000000000000000000000000000000000000000000000000000000000000000000000000000000000000000000000000000000000000000000000000000000000000000000000000000000000000000000000000000000000000000000000000000000000000000000000000000000000000000000000000000000000000000000000000000000000000000000000000000000000000000000000000000000000000000000000000000000000000000000000000000000000000000000000000000000000000000000000000000000000000000000000000000000000000000000000000000000000000000000, transaction_type: Some(2), effective_gas_price: Some(50000000007), other: OtherFields { inner: {"blobGasPrice": String("0x1")} } })
[2026-05-21T17:14:23Z INFO  automata_dcap_qpl_tool::helper::tcb_fmspc_async] [1315][0xa274E2C291C5D0c3322917aB54D6456d7A00B183] txn[commit_tcb_levels_range] hash: 0xcb1af8c88ed3282c5b584645032b63f8539601ee69ebc921962be5eee3cf991c
[2026-05-21T17:14:30Z INFO  automata_dcap_qpl_tool::helper::tcb_fmspc_async] [1315][0xa274E2C291C5D0c3322917aB54D6456d7A00B183] txn[commit_tcb_levels_range] receipt: Some(TransactionReceipt { transaction_hash: 0xcb1af8c88ed3282c5b584645032b63f8539601ee69ebc921962be5eee3cf991c, transaction_index: 0, block_hash: Some(0x8a1ee421a869c4291651a26960490741a4c176e84b542ca31afb98205fbf92ce), block_number: Some(18536233), from: 0xf39fd6e51aad88f6f4ce6ab8827279cfffb92266, to: Some(0xa274e2c291c5d0c3322917ab54d6456d7a00b183), cumulative_gas_used: 4002928, gas_used: Some(4002928), contract_address: None, logs: [Log { address: 0x9f72340fbd4b8ce8aa4590835a7779e9cb192a06, topics: [0xe8c60b50c51da54511df9b2a8734e83cd565108d8a878ff287cd5b03de8f98b4, 0xafe728bf93a1facf00446770eb8c09107a07c9db222c2769bfc8f2abbdcb7dc2], data: Bytes(0x), block_hash: Some(0x8a1ee421a869c4291651a26960490741a4c176e84b542ca31afb98205fbf92ce), block_number: Some(18536233), transaction_hash: Some(0xcb1af8c88ed3282c5b584645032b63f8539601ee69ebc921962be5eee3cf991c), transaction_index: Some(0), log_index: Some(0), transaction_log_index: None, log_type: None, removed: Some(false) }], status: Some(1), root: None, logs_bloom: 0x00000000000000000000000000010000010000000000000000000000000000000000000000000000000000000000200000000000000000000000000000000000000000000000000000000000000000000000000000000000040000000000000000000000000000000000000001000000000000000000000000000000000000000000000000000000020000000000000000000000000000000000000000000000000000000000000000000000000000000000000000000000000000000000000000000000000000000000000000000000001000000000000000000000000000000000000000000020000000000000008000000000000000000000000000000000, transaction_type: Some(2), effective_gas_price: Some(50000000007), other: OtherFields { inner: {"blobGasPrice": String("0x1")} } })
[2026-05-21T17:14:30Z INFO  automata_dcap_qpl_tool::helper::tcb_fmspc_async] [1315][0xa274E2C291C5D0c3322917aB54D6456d7A00B183] txn[upload_parsed_tcb_levels_batch_v3] hash: 0x1cbe93bbfee6a2f22c9c7145f3126df0a7f6d2e9beb6c5941b5d8346483b0307
[2026-05-21T17:14:37Z INFO  automata_dcap_qpl_tool::helper::tcb_fmspc_async] [1315][0xa274E2C291C5D0c3322917aB54D6456d7A00B183] txn[upload_parsed_tcb_levels_batch_v3] receipt: Some(TransactionReceipt { transaction_hash: 0x1cbe93bbfee6a2f22c9c7145f3126df0a7f6d2e9beb6c5941b5d8346483b0307, transaction_index: 0, block_hash: Some(0x73ee90062376457902cc54a3a0327d2aaeb4b65f04ffa987e8a8ec6f08ec927a), block_number: Some(18536234), from: 0xf39fd6e51aad88f6f4ce6ab8827279cfffb92266, to: Some(0xa274e2c291c5d0c3322917ab54d6456d7a00b183), cumulative_gas_used: 2078522, gas_used: Some(2078522), contract_address: None, logs: [Log { address: 0x9f72340fbd4b8ce8aa4590835a7779e9cb192a06, topics: [0x7656bed4e956fe059c82a390825d59e565ad76d49b58cc2866a08883b22793e3, 0xafe728bf93a1facf00446770eb8c09107a07c9db222c2769bfc8f2abbdcb7dc2], data: Bytes(0x00000000000000000000000000000000000000000000000000000000000001410000000000000000000000000000000000000000000000000000000000000141), block_hash: Some(0x73ee90062376457902cc54a3a0327d2aaeb4b65f04ffa987e8a8ec6f08ec927a), block_number: Some(18536234), transaction_hash: Some(0x1cbe93bbfee6a2f22c9c7145f3126df0a7f6d2e9beb6c5941b5d8346483b0307), transaction_index: Some(0), log_index: Some(0), transaction_log_index: None, log_type: None, removed: Some(false) }], status: Some(1), root: None, logs_bloom: 0x02000000000000000000000000000000010000000000000000000000000000000000000000000000000000000000200000000000000000000000000000000000000000000000000000000000000000000000000000000000040000000000000000000000000000000000000001004000000000000000000000000000000000000000000000000000020000000000000000000000000000000000000000000000000000000000000000000000000000000000000000000000000000000000400000000000000000000000000000000000000000000000000000000000000000000000000000000020000000000000000000000000000000000000000000000000, transaction_type: Some(2), effective_gas_price: Some(50000000007), other: OtherFields { inner: {"blobGasPrice": String("0x1")} } })
[2026-05-21T17:14:37Z INFO  automata_dcap_qpl_tool::helper::tcb_fmspc_async] [1315][0xa274E2C291C5D0c3322917aB54D6456d7A00B183] txn[upload_parsed_tcb_levels_batch_v3] hash: 0xd2bba250cdf8ca7474f73ba6a6a00f0cf596d8f3374ff1d713d3337d1cada445
[2026-05-21T17:14:44Z INFO  automata_dcap_qpl_tool::helper::tcb_fmspc_async] [1315][0xa274E2C291C5D0c3322917aB54D6456d7A00B183] txn[upload_parsed_tcb_levels_batch_v3] receipt: Some(TransactionReceipt { transaction_hash: 0xd2bba250cdf8ca7474f73ba6a6a00f0cf596d8f3374ff1d713d3337d1cada445, transaction_index: 0, block_hash: Some(0xd748d3f28f0271aa120b894aa6109ab1907e72ff90cfb0bb8c461d362b448444), block_number: Some(18536235), from: 0xf39fd6e51aad88f6f4ce6ab8827279cfffb92266, to: Some(0xa274e2c291c5d0c3322917ab54d6456d7a00b183), cumulative_gas_used: 2247240, gas_used: Some(2247240), contract_address: None, logs: [Log { address: 0x9f72340fbd4b8ce8aa4590835a7779e9cb192a06, topics: [0x7656bed4e956fe059c82a390825d59e565ad76d49b58cc2866a08883b22793e3, 0xafe728bf93a1facf00446770eb8c09107a07c9db222c2769bfc8f2abbdcb7dc2], data: Bytes(0x00000000000000000000000000000000000000000000000000000000000001b900000000000000000000000000000000000000000000000000000000000002fa), block_hash: Some(0xd748d3f28f0271aa120b894aa6109ab1907e72ff90cfb0bb8c461d362b448444), block_number: Some(18536235), transaction_hash: Some(0xd2bba250cdf8ca7474f73ba6a6a00f0cf596d8f3374ff1d713d3337d1cada445), transaction_index: Some(0), log_index: Some(0), transaction_log_index: None, log_type: None, removed: Some(false) }], status: Some(1), root: None, logs_bloom: 0x02000000000000000000000000000000010000000000000000000000000000000000000000000000000000000000200000000000000000000000000000000000000000000000000000000000000000000000000000000000040000000000000000000000000000000000000001004000000000000000000000000000000000000000000000000000020000000000000000000000000000000000000000000000000000000000000000000000000000000000000000000000000000000000400000000000000000000000000000000000000000000000000000000000000000000000000000000020000000000000000000000000000000000000000000000000, transaction_type: Some(2), effective_gas_price: Some(50000000007), other: OtherFields { inner: {"blobGasPrice": String("0x1")} } })
[2026-05-21T17:14:44Z INFO  automata_dcap_qpl_tool::helper::tcb_fmspc_async] [1315][0xa274E2C291C5D0c3322917aB54D6456d7A00B183] txn[upload_parsed_tcb_levels_batch_v3] hash: 0x841050403d090541e2dc8e912b267aeda06d51eaeeb78cd02377ab1d6e17f6c6
[2026-05-21T17:14:51Z INFO  automata_dcap_qpl_tool::helper::tcb_fmspc_async] [1315][0xa274E2C291C5D0c3322917aB54D6456d7A00B183] txn[upload_parsed_tcb_levels_batch_v3] receipt: Some(TransactionReceipt { transaction_hash: 0x841050403d090541e2dc8e912b267aeda06d51eaeeb78cd02377ab1d6e17f6c6, transaction_index: 0, block_hash: Some(0xe0aacff7b189d42895c54fe4fa9c8f287f540eba029f544a7cb9593a82924d1f), block_number: Some(18536236), from: 0xf39fd6e51aad88f6f4ce6ab8827279cfffb92266, to: Some(0xa274e2c291c5d0c3322917ab54d6456d7a00b183), cumulative_gas_used: 2483148, gas_used: Some(2483148), contract_address: None, logs: [Log { address: 0x9f72340fbd4b8ce8aa4590835a7779e9cb192a06, topics: [0x7656bed4e956fe059c82a390825d59e565ad76d49b58cc2866a08883b22793e3, 0xafe728bf93a1facf00446770eb8c09107a07c9db222c2769bfc8f2abbdcb7dc2], data: Bytes(0x0000000000000000000000000000000000000000000000000000000000000222000000000000000000000000000000000000000000000000000000000000051c), block_hash: Some(0xe0aacff7b189d42895c54fe4fa9c8f287f540eba029f544a7cb9593a82924d1f), block_number: Some(18536236), transaction_hash: Some(0x841050403d090541e2dc8e912b267aeda06d51eaeeb78cd02377ab1d6e17f6c6), transaction_index: Some(0), log_index: Some(0), transaction_log_index: None, log_type: None, removed: Some(false) }], status: Some(1), root: None, logs_bloom: 0x02000000000000000000000000000000010000000000000000000000000000000000000000000000000000000000200000000000000000000000000000000000000000000000000000000000000000000000000000000000040000000000000000000000000000000000000001004000000000000000000000000000000000000000000000000000020000000000000000000000000000000000000000000000000000000000000000000000000000000000000000000000000000000000400000000000000000000000000000000000000000000000000000000000000000000000000000000020000000000000000000000000000000000000000000000000, transaction_type: Some(2), effective_gas_price: Some(50000000007), other: OtherFields { inner: {"blobGasPrice": String("0x1")} } })
[2026-05-21T17:14:52Z INFO  automata_dcap_qpl_tool::helper::tcb_fmspc_async] [1315][0xa274E2C291C5D0c3322917aB54D6456d7A00B183] txn[upload_parsed_tcb_levels_batch_v3] hash: 0x6fb0ee982c2f94a48c9353ea91d8b904359b8d79341719c3b5a7d8024596053c
[2026-05-21T17:14:59Z INFO  automata_dcap_qpl_tool::helper::tcb_fmspc_async] [1315][0xa274E2C291C5D0c3322917aB54D6456d7A00B183] txn[upload_parsed_tcb_levels_batch_v3] receipt: Some(TransactionReceipt { transaction_hash: 0x6fb0ee982c2f94a48c9353ea91d8b904359b8d79341719c3b5a7d8024596053c, transaction_index: 0, block_hash: Some(0x9391c4f28c27362cc812257597acfe32cf398ba02056658903731c1e946d1c9b), block_number: Some(18536237), from: 0xf39fd6e51aad88f6f4ce6ab8827279cfffb92266, to: Some(0xa274e2c291c5d0c3322917ab54d6456d7a00b183), cumulative_gas_used: 2747224, gas_used: Some(2747224), contract_address: None, logs: [Log { address: 0x9f72340fbd4b8ce8aa4590835a7779e9cb192a06, topics: [0x7656bed4e956fe059c82a390825d59e565ad76d49b58cc2866a08883b22793e3, 0xafe728bf93a1facf00446770eb8c09107a07c9db222c2769bfc8f2abbdcb7dc2], data: Bytes(0x000000000000000000000000000000000000000000000000000000000000029a00000000000000000000000000000000000000000000000000000000000007b6), block_hash: Some(0x9391c4f28c27362cc812257597acfe32cf398ba02056658903731c1e946d1c9b), block_number: Some(18536237), transaction_hash: Some(0x6fb0ee982c2f94a48c9353ea91d8b904359b8d79341719c3b5a7d8024596053c), transaction_index: Some(0), log_index: Some(0), transaction_log_index: None, log_type: None, removed: Some(false) }], status: Some(1), root: None, logs_bloom: 0x02000000000000000000000000000000010000000000000000000000000000000000000000000000000000000000200000000000000000000000000000000000000000000000000000000000000000000000000000000000040000000000000000000000000000000000000001004000000000000000000000000000000000000000000000000000020000000000000000000000000000000000000000000000000000000000000000000000000000000000000000000000000000000000400000000000000000000000000000000000000000000000000000000000000000000000000000000020000000000000000000000000000000000000000000000000, transaction_type: Some(2), effective_gas_price: Some(50000000007), other: OtherFields { inner: {"blobGasPrice": String("0x1")} } })
[2026-05-21T17:14:59Z INFO  automata_dcap_qpl_tool::helper::tcb_fmspc_async] [1315][0xa274E2C291C5D0c3322917aB54D6456d7A00B183] txn[upload_parsed_tcb_levels_batch_v3] hash: 0xcb6dc81e6e629553a96ac9056b5432e64db8da886bd6d0f063d7e660b5497076
[2026-05-21T17:15:06Z INFO  automata_dcap_qpl_tool::helper::tcb_fmspc_async] [1315][0xa274E2C291C5D0c3322917aB54D6456d7A00B183] txn[upload_parsed_tcb_levels_batch_v3] receipt: Some(TransactionReceipt { transaction_hash: 0xcb6dc81e6e629553a96ac9056b5432e64db8da886bd6d0f063d7e660b5497076, transaction_index: 0, block_hash: Some(0x29cddef80116cad0b137ce687c7d74937e765d27b4c3ae3f283cfe51f9e62cfe), block_number: Some(18536238), from: 0xf39fd6e51aad88f6f4ce6ab8827279cfffb92266, to: Some(0xa274e2c291c5d0c3322917ab54d6456d7a00b183), cumulative_gas_used: 3413011, gas_used: Some(3413011), contract_address: None, logs: [Log { address: 0x9f72340fbd4b8ce8aa4590835a7779e9cb192a06, topics: [0x7656bed4e956fe059c82a390825d59e565ad76d49b58cc2866a08883b22793e3, 0xafe728bf93a1facf00446770eb8c09107a07c9db222c2769bfc8f2abbdcb7dc2], data: Bytes(0x00000000000000000000000000000000000000000000000000000000000003e40000000000000000000000000000000000000000000000000000000000000b9a), block_hash: Some(0x29cddef80116cad0b137ce687c7d74937e765d27b4c3ae3f283cfe51f9e62cfe), block_number: Some(18536238), transaction_hash: Some(0xcb6dc81e6e629553a96ac9056b5432e64db8da886bd6d0f063d7e660b5497076), transaction_index: Some(0), log_index: Some(0), transaction_log_index: None, log_type: None, removed: Some(false) }], status: Some(1), root: None, logs_bloom: 0x02000000000000000000000000000000010000000000000000000000000000000000000000000000000000000000200000000000000000000000000000000000000000000000000000000000000000000000000000000000040000000000000000000000000000000000000001004000000000000000000000000000000000000000000000000000020000000000000000000000000000000000000000000000000000000000000000000000000000000000000000000000000000000000400000000000000000000000000000000000000000000000000000000000000000000000000000000020000000000000000000000000000000000000000000000000, transaction_type: Some(2), effective_gas_price: Some(50000000007), other: OtherFields { inner: {"blobGasPrice": String("0x1")} } })
[2026-05-21T17:15:06Z INFO  automata_dcap_qpl_tool::helper::tcb_fmspc_async] [1315][0xa274E2C291C5D0c3322917aB54D6456d7A00B183] txn[finalize_async_upsert] hash: 0x0209dd3ac0c16dc51f0745cc739499f3538a1ef5cc76aa5170cdd5d9b1a4ce8b
[2026-05-21T17:15:13Z INFO  automata_dcap_qpl_tool::helper::tcb_fmspc_async] [1315][0xa274E2C291C5D0c3322917aB54D6456d7A00B183] txn[finalize_async_upsert] receipt: Some(TransactionReceipt { transaction_hash: 0x0209dd3ac0c16dc51f0745cc739499f3538a1ef5cc76aa5170cdd5d9b1a4ce8b, transaction_index: 0, block_hash: Some(0x7772d9b80bab5527a8dad98b96cf298ddc0caa4d87836a7d87d4afeb13d4f899), block_number: Some(18536239), from: 0xf39fd6e51aad88f6f4ce6ab8827279cfffb92266, to: Some(0xa274e2c291c5d0c3322917ab54d6456d7a00b183), cumulative_gas_used: 1820697, gas_used: Some(1820697), contract_address: None, logs: [Log { address: 0x9f72340fbd4b8ce8aa4590835a7779e9cb192a06, topics: [0x7656bed4e956fe059c82a390825d59e565ad76d49b58cc2866a08883b22793e3, 0x448725d930fca0d93089ac576efc6afb373800bb6005ba129e488bc50df90fdd], data: Bytes(0x00000000000000000000000000000000000000000000000000000000000000200000000000000000000000000000000000000000000000000000000000000020), block_hash: Some(0x7772d9b80bab5527a8dad98b96cf298ddc0caa4d87836a7d87d4afeb13d4f899), block_number: Some(18536239), transaction_hash: Some(0x0209dd3ac0c16dc51f0745cc739499f3538a1ef5cc76aa5170cdd5d9b1a4ce8b), transaction_index: Some(0), log_index: Some(0), transaction_log_index: None, log_type: None, removed: Some(false) }, Log { address: 0x9f72340fbd4b8ce8aa4590835a7779e9cb192a06, topics: [0x7656bed4e956fe059c82a390825d59e565ad76d49b58cc2866a08883b22793e3, 0xabb3bc273668f4b11ca381f79718ed6a0d8bd7ec6a5f504545880bed12577aa8], data: Bytes(0x00000000000000000000000000000000000000000000000000000000000000200000000000000000000000000000000000000000000000000000000000000020), block_hash: Some(0x7772d9b80bab5527a8dad98b96cf298ddc0caa4d87836a7d87d4afeb13d4f899), block_number: Some(18536239), transaction_hash: Some(0x0209dd3ac0c16dc51f0745cc739499f3538a1ef5cc76aa5170cdd5d9b1a4ce8b), transaction_index: Some(0), log_index: Some(1), transaction_log_index: None, log_type: None, removed: Some(false) }, Log { address: 0x9f72340fbd4b8ce8aa4590835a7779e9cb192a06, topics: [0x7656bed4e956fe059c82a390825d59e565ad76d49b58cc2866a08883b22793e3, 0xab6d11814825687da253bf055d94d4c3dfb49f852464b8ea5040e7d205b0337b], data: Bytes(0x00000000000000000000000000000000000000000000000000000000000000200000000000000000000000000000000000000000000000000000000000000020), block_hash: Some(0x7772d9b80bab5527a8dad98b96cf298ddc0caa4d87836a7d87d4afeb13d4f899), block_number: Some(18536239), transaction_hash: Some(0x0209dd3ac0c16dc51f0745cc739499f3538a1ef5cc76aa5170cdd5d9b1a4ce8b), transaction_index: Some(0), log_index: Some(2), transaction_log_index: None, log_type: None, removed: Some(false) }, Log { address: 0x9f72340fbd4b8ce8aa4590835a7779e9cb192a06, topics: [0x4c1d95aa5b7b0987b2ce9caf74bc65727e4354e69ad1f8c9f3de71c109d00d2d, 0x02c053df62c53eb511dd2d9ae8ed55bef778eb9b7e99f4de369724c975a81722, 0x448725d930fca0d93089ac576efc6afb373800bb6005ba129e488bc50df90fdd], data: Bytes(0x), block_hash: Some(0x7772d9b80bab5527a8dad98b96cf298ddc0caa4d87836a7d87d4afeb13d4f899), block_number: Some(18536239), transaction_hash: Some(0x0209dd3ac0c16dc51f0745cc739499f3538a1ef5cc76aa5170cdd5d9b1a4ce8b), transaction_index: Some(0), log_index: Some(3), transaction_log_index: None, log_type: None, removed: Some(false) }, Log { address: 0x9f72340fbd4b8ce8aa4590835a7779e9cb192a06, topics: [0x4c1d95aa5b7b0987b2ce9caf74bc65727e4354e69ad1f8c9f3de71c109d00d2d, 0xc0b5831d4b627e913a57601926ba6bead80af5c7ee35c5ee3d85c071f2e76861, 0xabb3bc273668f4b11ca381f79718ed6a0d8bd7ec6a5f504545880bed12577aa8], data: Bytes(0x), block_hash: Some(0x7772d9b80bab5527a8dad98b96cf298ddc0caa4d87836a7d87d4afeb13d4f899), block_number: Some(18536239), transaction_hash: Some(0x0209dd3ac0c16dc51f0745cc739499f3538a1ef5cc76aa5170cdd5d9b1a4ce8b), transaction_index: Some(0), log_index: Some(4), transaction_log_index: None, log_type: None, removed: Some(false) }, Log { address: 0x9f72340fbd4b8ce8aa4590835a7779e9cb192a06, topics: [0x4c1d95aa5b7b0987b2ce9caf74bc65727e4354e69ad1f8c9f3de71c109d00d2d, 0x8503835f05264df7c74d8c4e95b6e5d753848ccef318b722ed60f3b5a8cebb03, 0xab6d11814825687da253bf055d94d4c3dfb49f852464b8ea5040e7d205b0337b], data: Bytes(0x), block_hash: Some(0x7772d9b80bab5527a8dad98b96cf298ddc0caa4d87836a7d87d4afeb13d4f899), block_number: Some(18536239), transaction_hash: Some(0x0209dd3ac0c16dc51f0745cc739499f3538a1ef5cc76aa5170cdd5d9b1a4ce8b), transaction_index: Some(0), log_index: Some(5), transaction_log_index: None, log_type: None, removed: Some(false) }, Log { address: 0x9f72340fbd4b8ce8aa4590835a7779e9cb192a06, topics: [0x4c1d95aa5b7b0987b2ce9caf74bc65727e4354e69ad1f8c9f3de71c109d00d2d, 0x22a80408833c68d82ed1f01aeed4514eb887f18eff8bdfcbc9fda8191dd2d289, 0x22a80408833c68d82ed1f01aeed4514eb887f18eff8bdfcbc9fda8191dd2d289], data: Bytes(0x), block_hash: Some(0x7772d9b80bab5527a8dad98b96cf298ddc0caa4d87836a7d87d4afeb13d4f899), block_number: Some(18536239), transaction_hash: Some(0x0209dd3ac0c16dc51f0745cc739499f3538a1ef5cc76aa5170cdd5d9b1a4ce8b), transaction_index: Some(0), log_index: Some(6), transaction_log_index: None, log_type: None, removed: Some(false) }, Log { address: 0xa274e2c291c5d0c3322917ab54d6456d7a00b183, topics: [0x1a463e8f53a16684615daa3981a361ef46053ca65356aca9ec7b63e327478928, 0x0000000000000000000000000000000000000000000000000000000000000000, 0x00606a0000000000000000000000000000000000000000000000000000000000, 0x0000000000000000000000000000000000000000000000000000000000000003], data: Bytes(0x), block_hash: Some(0x7772d9b80bab5527a8dad98b96cf298ddc0caa4d87836a7d87d4afeb13d4f899), block_number: Some(18536239), transaction_hash: Some(0x0209dd3ac0c16dc51f0745cc739499f3538a1ef5cc76aa5170cdd5d9b1a4ce8b), transaction_index: Some(0), log_index: Some(7), transaction_log_index: None, log_type: None, removed: Some(false) }], status: Some(1), root: None, logs_bloom: 0x02000000000000000010000000000000800000000000000000002000000000000080000000002000000000000000200000000000020002000000000100000000000000080000008000000000000000000000000000000000040000000000000100000000020000200000000001004800000000000000100000000020000000000200000000000000408000001000000000000200004000000000000000002000000001000001400000040000000000000000000000800000000000000000400020000000000002000000000010000000000000008000400000000000000020000000200000000001000200010000000000000000000000000000000000000000, transaction_type: Some(2), effective_gas_price: Some(50000000007), other: OtherFields { inner: {"blobGasPrice": String("0x1")} } })
